{"l":"info","t":1706248723,"m":"failsd"}
{"l":"info","t":1706248761,"m":"failsd tw2ice"}
{"l":"info","t":1706248912,"m":"failsd thrw2ice"}
{"level":"info","time":1706249606,"message":"hmm"}
{"level":"info","time":1706249639,"message":"hmm"}
{"level":"error","time":1706249639,"message":"hmm err"}
{"level":"info","time":1706249733,"message":"hmm"}
{"level":"error","error":"ahh","time":1706249733,"message":"hmm err"}
{"level":"info","time":1706250182,"message":"hmm"}
{"level":"error","error":"ahh","time":1706250182,"message":"hmm err"}
{"level":"info","time":1706250275,"message":"hmm"}
{"level":"error","error":"ahh","time":1706250275,"message":"hmm err"}
{"level":"error","error":"ahh b","time":1706250275}
{"level":"error","time":1706250275}
{"level":"info","time":1706318261,"message":"starting tasks"}
{"level":"info","time":1706318261,"message":"starting task: test - 58115f20-1116-4cd2-9eb7-eb59a313f7a8"}
{"level":"info","time":1706318281,"message":"rinning task: test - 58115f20-1116-4cd2-9eb7-eb59a313f7a8"}
{"level":"info","time":1706318297,"message":"stopping task: test - 58115f20-1116-4cd2-9eb7-eb59a313f7a8"}
{"level":"debug","time":1706318298,"message":"{0xc0000ce240 0xc00024a550} <nil>"}
{"level":"info","time":1706318348,"message":"starting tasks"}
{"level":"info","time":1706318391,"message":"starting tasks"}
{"level":"info","time":1706318391,"message":"starting task: test - 58115f20-1116-4cd2-9eb7-eb59a313f7a8"}
{"level":"info","time":1706318397,"message":"stopping task: test - 58115f20-1116-4cd2-9eb7-eb59a313f7a8"}
{"level":"info","time":1706318563,"message":"starting tasks"}
{"level":"info","time":1706318575,"message":"starting tasks"}
{"level":"info","time":1706318582,"message":"starting tasks"}
{"level":"info","time":1706318593,"message":"starting tasks"}
{"level":"info","time":1706318784,"message":"starting tasks"}
{"level":"info","time":1706318826,"message":"starting tasks"}
{"level":"info","time":1706318865,"message":"starting tasks"}
{"level":"info","time":1706318916,"message":"starting tasks"}
{"level":"info","time":1706318984,"message":"starting tasks"}
{"level":"info","time":1706319029,"message":"starting tasks"}
{"level":"info","time":1706319164,"message":"starting tasks"}
{"level":"info","time":1706319293,"message":"starting tasks"}
{"level":"info","time":1706319357,"message":"starting tasks"}
{"level":"info","time":1706319397,"message":"starting tasks"}
{"level":"info","time":1706319443,"message":"starting tasks"}
{"level":"info","time":1706319521,"message":"starting tasks"}
{"level":"info","time":1706319582,"message":"starting tasks"}
{"level":"info","time":1706319582,"message":"starting task: test - 58115f20-1116-4cd2-9eb7-eb59a313f7a8"}
{"level":"info","time":1706319584,"message":"stopping task: test - 58115f20-1116-4cd2-9eb7-eb59a313f7a8"}
{"level":"info","time":1706319625,"message":"starting tasks"}
{"level":"info","time":1706319629,"message":"starting task: test - 58115f20-1116-4cd2-9eb7-eb59a313f7a8"}
{"level":"info","time":1706319649,"message":"rinning task: test - 58115f20-1116-4cd2-9eb7-eb59a313f7a8"}
{"level":"info","time":1706319674,"message":"starting tasks"}
{"level":"info","time":1706319674,"message":"starting task: test - 58115f20-1116-4cd2-9eb7-eb59a313f7a8"}
{"level":"info","time":1706319690,"message":"starting tasks"}
{"level":"info","time":1706319697,"message":"starting tasks"}
{"level":"info","time":1706319697,"message":"starting task: test - 58115f20-1116-4cd2-9eb7-eb59a313f7a8"}
{"level":"info","time":1706319705,"message":"starting tasks"}
{"level":"info","time":1706319705,"message":"starting task: test - 58115f20-1116-4cd2-9eb7-eb59a313f7a8"}
{"level":"info","time":1706319727,"message":"starting tasks"}
{"level":"info","time":1706319727,"message":"starting task: test - 58115f20-1116-4cd2-9eb7-eb59a313f7a8"}
{"level":"info","time":1706319746,"message":"starting tasks"}
{"level":"info","time":1706319746,"message":"starting task: test - 58115f20-1116-4cd2-9eb7-eb59a313f7a8"}
{"level":"info","time":1706319754,"message":"starting tasks"}
{"level":"info","time":1706319754,"message":"starting task: test - 58115f20-1116-4cd2-9eb7-eb59a313f7a8"}
{"level":"info","time":1706319766,"message":"stopping task: test - 58115f20-1116-4cd2-9eb7-eb59a313f7a8"}
{"level":"info","time":1706319783,"message":"starting task: test - 58115f20-1116-4cd2-9eb7-eb59a313f7a8"}
{"level":"info","time":1706319803,"message":"rinning task: test - 58115f20-1116-4cd2-9eb7-eb59a313f7a8"}
{"level":"info","time":1706319809,"message":"stopping task: test - 58115f20-1116-4cd2-9eb7-eb59a313f7a8"}
{"level":"info","time":1706320118,"message":"starting tasks"}
{"level":"info","time":1706320124,"message":"starting tasks"}
{"level":"info","time":1706320231,"message":"starting tasks"}
{"level":"info","time":1706320260,"message":"starting tasks"}
{"level":"info","time":1706320288,"message":"starting tasks"}
{"level":"info","time":1706320334,"message":"starting tasks"}
{"level":"info","time":1706320348,"message":"starting tasks"}
{"level":"info","time":1706320369,"message":"starting tasks"}
{"level":"info","time":1706320417,"message":"starting tasks"}
{"level":"info","time":1706320464,"message":"starting tasks"}
{"level":"info","time":1706320476,"message":"starting tasks"}
{"level":"info","time":1706320492,"message":"starting tasks"}
{"level":"info","time":1706320508,"message":"starting tasks"}
{"level":"info","time":1706320526,"message":"starting tasks"}
{"level":"info","time":1706320532,"message":"starting tasks"}
{"level":"info","time":1706320539,"message":"starting tasks"}
{"level":"info","time":1706320557,"message":"starting tasks"}
{"level":"info","time":1706320609,"message":"starting tasks"}
{"level":"info","time":1706320670,"message":"starting tasks"}
{"level":"info","time":1706320703,"message":"starting tasks"}
{"level":"info","time":1706320762,"message":"starting tasks"}
{"level":"info","time":1706320779,"message":"starting tasks"}
{"level":"info","time":1706321151,"message":"starting task: test - 58115f20-1116-4cd2-9eb7-eb59a313f7a8"}
{"level":"info","time":1706321171,"message":"rinning task: test - 58115f20-1116-4cd2-9eb7-eb59a313f7a8"}
{"level":"info","time":1706321191,"message":"rinning task: test - 58115f20-1116-4cd2-9eb7-eb59a313f7a8"}
{"level":"info","time":1706321211,"message":"rinning task: test - 58115f20-1116-4cd2-9eb7-eb59a313f7a8"}
{"level":"info","time":1706321231,"message":"rinning task: test - 58115f20-1116-4cd2-9eb7-eb59a313f7a8"}
{"level":"info","time":1706321251,"message":"rinning task: test - 58115f20-1116-4cd2-9eb7-eb59a313f7a8"}
{"level":"info","time":1706321263,"message":"starting tasks"}
{"level":"info","time":1706321263,"message":"starting task: test - 58115f20-1116-4cd2-9eb7-eb59a313f7a8"}
{"level":"info","time":1706321283,"message":"rinning task: test - 58115f20-1116-4cd2-9eb7-eb59a313f7a8"}
{"level":"info","time":1706321303,"message":"rinning task: test - 58115f20-1116-4cd2-9eb7-eb59a313f7a8"}
{"level":"info","time":1706321323,"message":"rinning task: test - 58115f20-1116-4cd2-9eb7-eb59a313f7a8"}
{"level":"info","time":1706321349,"message":"starting tasks"}
{"level":"info","time":1706321349,"message":"starting task: test - 58115f20-1116-4cd2-9eb7-eb59a313f7a8"}
{"level":"info","time":1706321423,"message":"starting tasks"}
{"level":"info","time":1706321423,"message":"starting task: test - 58115f20-1116-4cd2-9eb7-eb59a313f7a8"}
{"level":"info","time":1706321443,"message":"rinning task: test - 58115f20-1116-4cd2-9eb7-eb59a313f7a8"}
{"level":"info","time":1706321463,"message":"rinning task: test - 58115f20-1116-4cd2-9eb7-eb59a313f7a8"}
{"level":"info","time":1706321483,"message":"rinning task: test - 58115f20-1116-4cd2-9eb7-eb59a313f7a8"}
{"level":"info","time":1706321503,"message":"rinning task: test - 58115f20-1116-4cd2-9eb7-eb59a313f7a8"}
{"level":"info","time":1706321523,"message":"rinning task: test - 58115f20-1116-4cd2-9eb7-eb59a313f7a8"}
{"level":"info","time":1706321543,"message":"rinning task: test - 58115f20-1116-4cd2-9eb7-eb59a313f7a8"}
{"level":"info","time":1706321563,"message":"rinning task: test - 58115f20-1116-4cd2-9eb7-eb59a313f7a8"}
{"level":"info","time":1706321583,"message":"rinning task: test - 58115f20-1116-4cd2-9eb7-eb59a313f7a8"}
{"level":"info","time":1706321603,"message":"rinning task: test - 58115f20-1116-4cd2-9eb7-eb59a313f7a8"}
{"level":"info","time":1706321623,"message":"rinning task: test - 58115f20-1116-4cd2-9eb7-eb59a313f7a8"}
{"level":"info","time":1706321643,"message":"rinning task: test - 58115f20-1116-4cd2-9eb7-eb59a313f7a8"}
{"level":"info","time":1706321663,"message":"rinning task: test - 58115f20-1116-4cd2-9eb7-eb59a313f7a8"}
{"level":"info","time":1706321683,"message":"rinning task: test - 58115f20-1116-4cd2-9eb7-eb59a313f7a8"}
{"level":"info","time":1706321703,"message":"rinning task: test - 58115f20-1116-4cd2-9eb7-eb59a313f7a8"}
{"level":"info","time":1706321723,"message":"rinning task: test - 58115f20-1116-4cd2-9eb7-eb59a313f7a8"}
{"level":"info","time":1706321743,"message":"rinning task: test - 58115f20-1116-4cd2-9eb7-eb59a313f7a8"}
{"level":"info","time":1706321763,"message":"rinning task: test - 58115f20-1116-4cd2-9eb7-eb59a313f7a8"}
{"level":"info","time":1706321783,"message":"rinning task: test - 58115f20-1116-4cd2-9eb7-eb59a313f7a8"}
{"level":"info","time":1706321803,"message":"rinning task: test - 58115f20-1116-4cd2-9eb7-eb59a313f7a8"}
{"level":"info","time":1706321823,"message":"rinning task: test - 58115f20-1116-4cd2-9eb7-eb59a313f7a8"}
{"level":"info","time":1706321843,"message":"rinning task: test - 58115f20-1116-4cd2-9eb7-eb59a313f7a8"}
{"level":"info","time":1706321863,"message":"rinning task: test - 58115f20-1116-4cd2-9eb7-eb59a313f7a8"}
{"level":"info","time":1706321883,"message":"rinning task: test - 58115f20-1116-4cd2-9eb7-eb59a313f7a8"}
{"level":"info","time":1706321903,"message":"rinning task: test - 58115f20-1116-4cd2-9eb7-eb59a313f7a8"}
{"level":"info","time":1706321916,"message":"starting tasks"}
{"level":"info","time":1706321916,"message":"starting task: test - 58115f20-1116-4cd2-9eb7-eb59a313f7a8"}
{"level":"info","time":1706322273,"message":"starting tasks"}
{"level":"info","time":1706322273,"message":"starting task: test - 58115f20-1116-4cd2-9eb7-eb59a313f7a8"}
{"level":"info","time":1706322315,"message":"starting tasks"}
{"level":"info","time":1706322315,"message":"starting task: test - 58115f20-1116-4cd2-9eb7-eb59a313f7a8"}
{"level":"info","time":1706322335,"message":"rinning task: test - 58115f20-1116-4cd2-9eb7-eb59a313f7a8"}
{"level":"info","time":1706322335,"message":"rensing http req: v - v"}
{"level":"info","time":1706322355,"message":"rinning task: test - 58115f20-1116-4cd2-9eb7-eb59a313f7a8"}
{"level":"info","time":1706322355,"message":"rensing http req: v - v"}
{"level":"info","time":1706322379,"message":"starting tasks"}
{"level":"info","time":1706322379,"message":"starting task: test - 58115f20-1116-4cd2-9eb7-eb59a313f7a8"}
{"level":"info","time":1706322399,"message":"rinning task: test - 58115f20-1116-4cd2-9eb7-eb59a313f7a8"}
{"level":"info","time":1706322399,"message":"rensing http req: v - v"}
{"level":"info","time":1706322566,"message":"starting tasks"}
{"level":"info","time":1706322566,"message":"starting task: test - 58115f20-1116-4cd2-9eb7-eb59a313f7a8"}
{"level":"info","time":1706322586,"message":"rinning task: test - 58115f20-1116-4cd2-9eb7-eb59a313f7a8"}
{"level":"info","time":1706322586,"message":"rensing http req: v - v"}
{"level":"info","time":1706322606,"message":"rinning task: test - 58115f20-1116-4cd2-9eb7-eb59a313f7a8"}
{"level":"info","time":1706322606,"message":"rensing http req: v - v"}
{"level":"info","time":1706322626,"message":"rinning task: test - 58115f20-1116-4cd2-9eb7-eb59a313f7a8"}
{"level":"info","time":1706322626,"message":"rensing http req: v - v"}
{"level":"info","time":1706322646,"message":"rinning task: test - 58115f20-1116-4cd2-9eb7-eb59a313f7a8"}
{"level":"info","time":1706322646,"message":"rensing http req: v - v"}
{"level":"info","time":1706322666,"message":"rinning task: test - 58115f20-1116-4cd2-9eb7-eb59a313f7a8"}
{"level":"info","time":1706322666,"message":"rensing http req: v - v"}
{"level":"info","time":1706322689,"message":"starting tasks"}
{"level":"info","time":1706322689,"message":"starting task: test - 58115f20-1116-4cd2-9eb7-eb59a313f7a8"}
{"level":"info","time":1706323425,"message":"starting tasks"}
{"level":"info","time":1706323425,"message":"starting task: test - 58115f20-1116-4cd2-9eb7-eb59a313f7a8"}
{"level":"info","time":1706323445,"message":"rinning task: test - 58115f20-1116-4cd2-9eb7-eb59a313f7a8"}
{"level":"info","time":1706323445,"message":"rensing http req: v - v"}
{"level":"info","time":1706326602,"message":"starting tasks"}
{"level":"info","time":1706326602,"message":"starting task: test - 58115f20-1116-4cd2-9eb7-eb59a313f7a8"}
{"level":"info","time":1706326622,"message":"rinning task: test - 58115f20-1116-4cd2-9eb7-eb59a313f7a8"}
{"level":"info","time":1706326622,"message":"rensing http req: v - v"}
{"level":"info","time":1706326642,"message":"rinning task: test - 58115f20-1116-4cd2-9eb7-eb59a313f7a8"}
{"level":"info","time":1706326642,"message":"rensing http req: v - v"}
{"level":"info","time":1706326650,"message":"starting tasks"}
{"level":"info","time":1706326650,"message":"starting task: test - 58115f20-1116-4cd2-9eb7-eb59a313f7a8"}
{"level":"info","time":1706326657,"message":"starting tasks"}
{"level":"info","time":1706326657,"message":"starting task: test - 58115f20-1116-4cd2-9eb7-eb59a313f7a8"}
{"level":"info","time":1706326680,"message":"starting tasks"}
{"level":"info","time":1706326680,"message":"starting task: test - 58115f20-1116-4cd2-9eb7-eb59a313f7a8"}
{"level":"info","time":1706326698,"message":"starting tasks"}
{"level":"info","time":1706326698,"message":"starting task: test - 58115f20-1116-4cd2-9eb7-eb59a313f7a8"}
{"level":"info","time":1706326722,"message":"starting tasks"}
{"level":"info","time":1706326722,"message":"starting task: test - 58115f20-1116-4cd2-9eb7-eb59a313f7a8"}
{"level":"info","time":1706326742,"message":"rinning task: test - 58115f20-1116-4cd2-9eb7-eb59a313f7a8"}
{"level":"info","time":1706326742,"message":"rensing http req: v - v"}
{"level":"info","time":1706326762,"message":"rinning task: test - 58115f20-1116-4cd2-9eb7-eb59a313f7a8"}
{"level":"info","time":1706326762,"message":"rensing http req: v - v"}
{"level":"info","time":1706326782,"message":"rinning task: test - 58115f20-1116-4cd2-9eb7-eb59a313f7a8"}
{"level":"info","time":1706326782,"message":"rensing http req: v - v"}
{"level":"info","time":1706326802,"message":"rinning task: test - 58115f20-1116-4cd2-9eb7-eb59a313f7a8"}
{"level":"info","time":1706326802,"message":"rensing http req: v - v"}
{"level":"info","time":1706326822,"message":"rinning task: test - 58115f20-1116-4cd2-9eb7-eb59a313f7a8"}
{"level":"info","time":1706326822,"message":"rensing http req: v - v"}
{"level":"info","time":1706326842,"message":"rinning task: test - 58115f20-1116-4cd2-9eb7-eb59a313f7a8"}
{"level":"info","time":1706326842,"message":"rensing http req: v - v"}
{"level":"info","time":1706326862,"message":"rinning task: test - 58115f20-1116-4cd2-9eb7-eb59a313f7a8"}
{"level":"info","time":1706326862,"message":"rensing http req: v - v"}
{"level":"info","time":1706326882,"message":"starting tasks"}
{"level":"info","time":1706326882,"message":"starting task: test - 58115f20-1116-4cd2-9eb7-eb59a313f7a8"}
{"level":"info","time":1706326902,"message":"rinning task: test - 58115f20-1116-4cd2-9eb7-eb59a313f7a8"}
{"level":"info","time":1706326902,"message":"rensing http req: v - v"}
{"level":"info","time":1706326922,"message":"rinning task: test - 58115f20-1116-4cd2-9eb7-eb59a313f7a8"}
{"level":"info","time":1706326922,"message":"rensing http req: v - v"}
{"level":"info","time":1706326942,"message":"rinning task: test - 58115f20-1116-4cd2-9eb7-eb59a313f7a8"}
{"level":"info","time":1706326942,"message":"rensing http req: v - v"}
{"level":"info","time":1706326962,"message":"rinning task: test - 58115f20-1116-4cd2-9eb7-eb59a313f7a8"}
{"level":"info","time":1706326962,"message":"rensing http req: v - v"}
{"level":"info","time":1706326987,"message":"starting tasks"}
{"level":"info","time":1706326987,"message":"starting task: test - 58115f20-1116-4cd2-9eb7-eb59a313f7a8"}
{"level":"info","time":1706326997,"message":"starting tasks"}
{"level":"info","time":1706326997,"message":"starting task: test - 58115f20-1116-4cd2-9eb7-eb59a313f7a8"}
{"level":"info","time":1706327017,"message":"rinning task: test - 58115f20-1116-4cd2-9eb7-eb59a313f7a8"}
{"level":"info","time":1706327017,"message":"rensing http req: v - v"}
{"level":"info","time":1706327044,"message":"starting tasks"}
{"level":"info","time":1706327044,"message":"starting task: test - 58115f20-1116-4cd2-9eb7-eb59a313f7a8"}
{"level":"info","time":1706327064,"message":"rinning task: test - 58115f20-1116-4cd2-9eb7-eb59a313f7a8"}
{"level":"info","time":1706327064,"message":"rensing http req: v - v"}
{"level":"info","time":1706327084,"message":"rinning task: test - 58115f20-1116-4cd2-9eb7-eb59a313f7a8"}
{"level":"info","time":1706327084,"message":"rensing http req: v - v"}
{"level":"info","time":1706327104,"message":"rinning task: test - 58115f20-1116-4cd2-9eb7-eb59a313f7a8"}
{"level":"info","time":1706327104,"message":"rensing http req: v - v"}
{"level":"info","time":1706327124,"message":"rinning task: test - 58115f20-1116-4cd2-9eb7-eb59a313f7a8"}
{"level":"info","time":1706327124,"message":"rensing http req: v - v"}
{"level":"info","time":1706327144,"message":"rinning task: test - 58115f20-1116-4cd2-9eb7-eb59a313f7a8"}
{"level":"info","time":1706327144,"message":"rensing http req: v - v"}
{"level":"info","time":1706327164,"message":"rinning task: test - 58115f20-1116-4cd2-9eb7-eb59a313f7a8"}
{"level":"info","time":1706327164,"message":"rensing http req: v - v"}
{"level":"info","time":1706327184,"message":"rinning task: test - 58115f20-1116-4cd2-9eb7-eb59a313f7a8"}
{"level":"info","time":1706327184,"message":"rensing http req: v - v"}
{"level":"info","time":1706327204,"message":"rinning task: test - 58115f20-1116-4cd2-9eb7-eb59a313f7a8"}
{"level":"info","time":1706327204,"message":"rensing http req: v - v"}
{"level":"info","time":1706327224,"message":"rinning task: test - 58115f20-1116-4cd2-9eb7-eb59a313f7a8"}
{"level":"info","time":1706327224,"message":"rensing http req: v - v"}
{"level":"info","time":1706327258,"message":"starting tasks"}
{"level":"info","time":1706327258,"message":"starting task: test - 58115f20-1116-4cd2-9eb7-eb59a313f7a8"}
{"level":"info","time":1706327278,"message":"rinning task: test - 58115f20-1116-4cd2-9eb7-eb59a313f7a8"}
{"level":"info","time":1706327278,"message":"rensing http req: v - v"}
{"level":"info","time":1706327298,"message":"rinning task: test - 58115f20-1116-4cd2-9eb7-eb59a313f7a8"}
{"level":"info","time":1706327298,"message":"rensing http req: v - v"}
{"level":"info","time":1706327309,"message":"starting tasks"}
{"level":"info","time":1706327309,"message":"starting task: test - 58115f20-1116-4cd2-9eb7-eb59a313f7a8"}
{"level":"info","time":1706327314,"message":"rinning task: test - 58115f20-1116-4cd2-9eb7-eb59a313f7a8"}
{"level":"info","time":1706327314,"message":"rensing http req: v - v"}
{"level":"info","time":1706327319,"message":"rinning task: test - 58115f20-1116-4cd2-9eb7-eb59a313f7a8"}
{"level":"info","time":1706327319,"message":"rensing http req: v - v"}
{"level":"info","time":1706327324,"message":"rinning task: test - 58115f20-1116-4cd2-9eb7-eb59a313f7a8"}
{"level":"info","time":1706327324,"message":"rensing http req: v - v"}
{"level":"info","time":1706327329,"message":"rinning task: test - 58115f20-1116-4cd2-9eb7-eb59a313f7a8"}
{"level":"info","time":1706327329,"message":"rensing http req: v - v"}
{"level":"info","time":1706327334,"message":"rinning task: test - 58115f20-1116-4cd2-9eb7-eb59a313f7a8"}
{"level":"info","time":1706327334,"message":"rensing http req: v - v"}
{"level":"info","time":1706327339,"message":"rinning task: test - 58115f20-1116-4cd2-9eb7-eb59a313f7a8"}
{"level":"info","time":1706327339,"message":"rensing http req: v - v"}
{"level":"info","time":1706342205,"message":"starting tasks"}
{"level":"info","time":1706342364,"message":"starting tasks"}
{"level":"info","time":1706342380,"message":"starting task: test - 1"}
{"level":"info","time":1706342400,"message":"rinning task: test - 1"}
{"level":"info","time":1706342400,"message":"rensing http req: v - v"}
{"level":"info","time":1706342420,"message":"rinning task: test - 1"}
{"level":"info","time":1706342420,"message":"rensing http req: v - v"}
{"level":"info","time":1706342440,"message":"rinning task: test - 1"}
{"level":"info","time":1706342440,"message":"rensing http req: v - v"}
{"level":"info","time":1706342458,"message":"starting tasks"}
{"level":"info","time":1706342458,"message":"starting task: test - 1"}
{"level":"info","time":1706342478,"message":"rinning task: test - 1"}
{"level":"info","time":1706342478,"message":"rensing http req: v - v"}
{"level":"info","time":1706342500,"message":"starting tasks"}
{"level":"info","time":1706342500,"message":"starting task: test - 1"}
{"level":"info","time":1706342520,"message":"rinning task: test - 1"}
{"level":"info","time":1706342520,"message":"rensing http req: v - v"}
{"level":"info","time":1706342540,"message":"rinning task: test - 1"}
{"level":"info","time":1706342540,"message":"rensing http req: v - v"}
{"level":"info","time":1706342560,"message":"rinning task: test - 1"}
{"level":"info","time":1706342560,"message":"rensing http req: v - v"}
